<html>
<body>
<pre>
<h1>µVision Build Log</h1>
<h2>Tool Versions:</h2>
IDE-Version: µVision V5.28.0.0
Copyright (C) 2019 ARM Ltd and ARM Germany GmbH. All rights reserved.
License Information: 1 1, 1, LIC=NHYHL-0KXUH-JPIZQ-NTCI2-NA0ND-Q2DKC
 
Tool Versions:
Toolchain:       MDK-ARM Professional  Version: 5.28.0.0
Toolchain Path:  D:\Keil_v5\ARM\ARMCC\Bin
C Compiler:      Armcc.exe V5.06 update 6 (build 750)
Assembler:       Armasm.exe V5.06 update 6 (build 750)
Linker/Locator:  ArmLink.exe V5.06 update 6 (build 750)
Library Manager: ArmAr.exe V5.06 update 6 (build 750)
Hex Converter:   FromElf.exe V5.06 update 6 (build 750)
CPU DLL:         SARMCM3.DLL V5.28.0.0
Dialog DLL:      DARMCM1.DLL V1.19.2.0
Target DLL:      UL2CM3.DLL V1.162.16.0
Dialog DLL:      TARMCM1.DLL V1.14.1.0
 
<h2>Project:</h2>
D:\user\DropBox_Nsel\ZERDLab Dropbox\CurrentProject1\SoundSensor\Firmware\git_SS2\math\SS_math\Keil_math_new\math_new.uvprojx
Project File Date:  06/15/2023

<h2>Output:</h2>
*** Using Compiler 'V5.06 update 6 (build 750)', folder: 'D:\Keil_v5\ARM\ARMCC\Bin'
Build target 'Target 1'
compiling main.c...
main.c(48): warning:  #1-D: last line of file ends without a newline
  };
main.c: 1 warning, 0 errors
linking...
Program Size: Code=2340 RO-data=224 RW-data=136 ZI-data=16728  
".\Objects\math_new.axf" - 0 Error(s), 1 Warning(s).

<h2>Software Packages used:</h2>

Package Vendor: ARM
                http://www.keil.com/pack/ARM.CMSIS.5.7.0.pack
                ARM.CMSIS.5.7.0
                CMSIS (Cortex Microcontroller Software Interface Standard)
   * Component: CORE Version: 5.4.0

Package Vendor: Keil
                http://www.keil.com/pack/Keil.STM32G0xx_DFP.1.2.0.pack
                Keil.STM32G0xx_DFP.1.2.0
                STMicroelectronics STM32G0 Series Device Support
   * Component: Startup Version: 1.3.0

<h2>Collection of Component include folders:</h2>
  .\RTE\_Target_1
  D:\Keil_v5\Packs\ARM\CMSIS\5.7.0\CMSIS\Core\Include
  D:\Keil_v5\Packs\Keil\STM32G0xx_DFP\1.2.0\Drivers\CMSIS\Device\ST\STM32G0xx\Include

<h2>Collection of Component Files used:</h2>

   * Component: ARM::CMSIS:CORE:5.4.0

   * Component: Keil::Device:Startup:1.3.0
      Source file:   MDK\Device\Source\ARM\STM32G0x0_OPT.s
      Include file:  Drivers\CMSIS\Device\ST\STM32G0xx\Include\stm32g0xx.h
      Source file:   Drivers\CMSIS\Device\ST\STM32G0xx\Source\Templates\arm\startup_stm32g070xx.s
      Source file:   Drivers\CMSIS\Device\ST\STM32G0xx\Source\Templates\system_stm32g0xx.c
Build Time Elapsed:  00:00:01
</pre>
</body>
</html>
